[www.pearlthemes.com/html/antarctica/home-4.html]
[backblue.gif]
[fade.gif]
[index.html]
[www.pearlthemes.com/html/antarctica/css/font-awesome.min.css]
[www.pearlthemes.com/html/antarctica/js/flexslider/flexslider.css]
[www.pearlthemes.com/html/antarctica/js/owl.carousel/assets/owl.carousel.min.css]
[www.pearlthemes.com/html/antarctica/js/owl.carousel/assets/owl.theme.default.min.css]
[www.pearlthemes.com/html/antarctica/js/slicknav/slicknav.min.css]
[www.pearlthemes.com/html/antarctica/js/lightcase/css/lightcase.css]
[www.pearlthemes.com/html/antarctica/js/fakeLoader/fakeLoader.css]
[www.pearlthemes.com/html/antarctica/css/main.css]
[www.pearlthemes.com/html/antarctica/index.html]
[www.pearlthemes.com/html/antarctica/images/logo.png]
[www.pearlthemes.com/html/antarctica/home-2.html]
[www.pearlthemes.com/html/antarctica/home-3.html]
[www.pearlthemes.com/html/antarctica/home-5.html]
[www.pearlthemes.com/html/antarctica/about-us.html]
[www.pearlthemes.com/html/antarctica/portfolio-single.html]
[www.pearlthemes.com/html/antarctica/single.html]
[www.pearlthemes.com/html/antarctica/shortcodes.html]
[www.pearlthemes.com/html/antarctica/quotes.html]
[www.pearlthemes.com/html/antarctica/columns.html]
[www.pearlthemes.com/html/antarctica/tabs.html]
[www.pearlthemes.com/html/antarctica/accordions.html]
[www.pearlthemes.com/html/antarctica/pricing-tables.html]
[www.pearlthemes.com/html/antarctica/services.html]
[www.pearlthemes.com/html/antarctica/portfolio.html]
[www.pearlthemes.com/html/antarctica/blog.html]
[www.pearlthemes.com/html/antarctica/contact.html]
[www.pearlthemes.com/html/antarctica/images/slider/slider-v4-img-1.jpg]
[www.pearlthemes.com/html/antarctica/images/slider/slider-v4-img-2.jpg]
[www.pearlthemes.com/html/antarctica/images/slider/slider-v4-img-3.jpg]
[www.pearlthemes.com/html/antarctica/images/portfolio/p19.jpg]
[www.pearlthemes.com/html/antarctica/images/portfolio/p20.jpg]
[www.pearlthemes.com/html/antarctica/images/portfolio/p21.jpg]
[www.pearlthemes.com/html/antarctica/images/portfolio/p22.jpg]
[www.pearlthemes.com/html/antarctica/images/portfolio/p23.jpg]
[www.pearlthemes.com/html/antarctica/images/portfolio/p24.jpg]
[www.pearlthemes.com/html/antarctica/images/partners/1.jpg]
[www.pearlthemes.com/html/antarctica/images/partners/2.jpg]
[www.pearlthemes.com/html/antarctica/images/partners/3.jpg]
[www.pearlthemes.com/html/antarctica/images/partners/4.jpg]
[www.pearlthemes.com/html/antarctica/images/partners/5.jpg]
[www.pearlthemes.com/html/antarctica/images/partners/6.jpg]
[www.pearlthemes.com/html/antarctica/images/features/2.png]
[www.pearlthemes.com/html/antarctica/images/features/5.png]
[www.pearlthemes.com/html/antarctica/images/features/3.png]
[www.pearlthemes.com/html/antarctica/images/features/6.png]
[www.pearlthemes.com/html/antarctica/images/features/21.png]
[www.pearlthemes.com/html/antarctica/images/features/22.png]
[www.pearlthemes.com/html/antarctica/images/home/testimonial-author.jpg]
[www.pearlthemes.com/html/antarctica/images/home/video-img.jpg]
[www.pearlthemes.com/html/antarctica/images/footer-logo.png]
[www.pearlthemes.com/html/antarctica/images/widget/f-1.jpg]
[www.pearlthemes.com/html/antarctica/images/widget/f-2.jpg]
[www.pearlthemes.com/html/antarctica/images/widget/f-3.jpg]
[www.pearlthemes.com/html/antarctica/js/jquery-3.1.1.min.js]
[www.pearlthemes.com/html/antarctica/js/jquery-migrate.min.js]
[www.pearlthemes.com/html/antarctica/js/bootstrap.min.js]
[www.pearlthemes.com/html/antarctica/js/flexslider/jquery.flexslider-min.js]
[www.pearlthemes.com/html/antarctica/js/owl.carousel/owl.carousel.min.js]
[www.pearlthemes.com/html/antarctica/js/jquery.waypoints.min.js]
[www.pearlthemes.com/html/antarctica/js/slicknav/jquery.slicknav.min.js]
[www.pearlthemes.com/html/antarctica/js/lightcase/vendor/jQuery/jquery.events.touch.js]
[www.pearlthemes.com/html/antarctica/js/lightcase/js/lightcase.js]
[www.pearlthemes.com/html/antarctica/js/fakeLoader/fakeLoader.min.js]
[www.pearlthemes.com/html/antarctica/js/scripts.js]
[www.pearlthemes.com/html/antarctica/home-4.html]
[www.pearlthemes.com/html/antarctica/fonts/fontawesome-webfont3e6e.eot]
[www.pearlthemes.com/html/antarctica/fonts/fontawesome-webfontd41d.eot]
[www.pearlthemes.com/html/antarctica/fonts/fontawesome-webfont3e6e.woff]
[www.pearlthemes.com/html/antarctica/fonts/fontawesome-webfont3e6e.ttf]
[www.pearlthemes.com/html/antarctica/css/font-awesome.min.css]
[www.pearlthemes.com/html/antarctica/js/flexslider/fonts/flexslider-icon.eot]
[www.pearlthemes.com/html/antarctica/js/flexslider/fonts/flexslider-icond41d.eot]
[www.pearlthemes.com/html/antarctica/js/flexslider/fonts/flexslider-icon.woff]
[www.pearlthemes.com/html/antarctica/js/flexslider/fonts/flexslider-icon.ttf]
[www.pearlthemes.com/html/antarctica/js/flexslider/flexslider.css]
[www.pearlthemes.com/html/antarctica/js/owl.carousel/assets/owl.video.play.png]
[www.pearlthemes.com/html/antarctica/js/owl.carousel/assets/owl.carousel.min.css]
[www.pearlthemes.com/html/antarctica/js/owl.carousel/assets/owl.theme.default.min.css]
[www.pearlthemes.com/html/antarctica/js/slicknav/slicknav.min.css]
[www.pearlthemes.com/html/antarctica/js/lightcase/fonts/lightcaseeead.eot]
[www.pearlthemes.com/html/antarctica/js/lightcase/fonts/lightcaseeead.woff]
[www.pearlthemes.com/html/antarctica/js/lightcase/fonts/lightcaseeead.ttf]
[www.pearlthemes.com/html/antarctica/js/lightcase/css/lightcase.css]
[www.pearlthemes.com/html/antarctica/js/fakeLoader/fakeLoader.css]
[www.pearlthemes.com/html/antarctica/images/search-lense.png]
[www.pearlthemes.com/html/antarctica/images/sub-header-bg.jpg]
[www.pearlthemes.com/html/antarctica/images/home/counter-bg-1.jpg]
[www.pearlthemes.com/html/antarctica/images/home/counter-bg-2.jpg]
[www.pearlthemes.com/html/antarctica/images/home/video-bg.jpg]
[www.pearlthemes.com/html/antarctica/images/play-btn.png]
[www.pearlthemes.com/html/antarctica/images/home/1.jpg]
[www.pearlthemes.com/html/antarctica/images/home/testimonials-bg.jpg]
[www.pearlthemes.com/html/antarctica/images/home/testimonials-bg-2.jpg]
[www.pearlthemes.com/html/antarctica/images/home/quote-icon.png]
[www.pearlthemes.com/html/antarctica/images/home/services-two-bg.jpg]
[www.pearlthemes.com/html/antarctica/images/home/intro-bg-2.jpg]
[www.pearlthemes.com/html/antarctica/images/quote.png]
[www.pearlthemes.com/html/antarctica/images/quote-small.png]
[www.pearlthemes.com/html/antarctica/css/main.css]
[www.pearlthemes.com/html/antarctica/images/logo-2.png]
[www.pearlthemes.com/html/antarctica/images/slider/slider-v1-img-2.jpg]
[www.pearlthemes.com/html/antarctica/images/slider/slider-v1-img-3.jpg]
[www.pearlthemes.com/html/antarctica/images/team/1.jpg]
[www.pearlthemes.com/html/antarctica/images/team/2.jpg]
[www.pearlthemes.com/html/antarctica/images/team/3.jpg]
[www.pearlthemes.com/html/antarctica/images/team/4.jpg]
[www.pearlthemes.com/html/antarctica/images/portfolio/p1.jpg]
[www.pearlthemes.com/html/antarctica/images/portfolio/p4.jpg]
[www.pearlthemes.com/html/antarctica/images/portfolio/p2.jpg]
[www.pearlthemes.com/html/antarctica/images/portfolio/p3.jpg]
[www.pearlthemes.com/html/antarctica/images/features/1.png]
[www.pearlthemes.com/html/antarctica/images/features/4.png]
[www.pearlthemes.com/html/antarctica/images/features/7.png]
[www.pearlthemes.com/html/antarctica/images/features/2.jpg]
[www.pearlthemes.com/html/antarctica/images/home/b1.jpg]
[www.pearlthemes.com/html/antarctica/images/home/b2.jpg]
[www.pearlthemes.com/html/antarctica/images/home/b3.jpg]
[www.pearlthemes.com/html/antarctica/images/partners/7.jpg]
[www.pearlthemes.com/html/antarctica/images/partners/8.jpg]
[www.pearlthemes.com/html/antarctica/index.html]
[www.pearlthemes.com/html/antarctica/images/slider/slider-v2-img-1.jpg]
[www.pearlthemes.com/html/antarctica/images/slider/slider-v2-img-2.jpg]
[www.pearlthemes.com/html/antarctica/images/slider/slider-v2-img-3.jpg]
[www.pearlthemes.com/html/antarctica/images/home/intro-1.jpg]
[www.pearlthemes.com/html/antarctica/images/home/intro-2.jpg]
[www.pearlthemes.com/html/antarctica/images/home/3.png]
[www.pearlthemes.com/html/antarctica/images/features/f2.png]
[www.pearlthemes.com/html/antarctica/images/features/8.png]
[www.pearlthemes.com/html/antarctica/images/features/9.png]
[www.pearlthemes.com/html/antarctica/images/features/10.png]
[www.pearlthemes.com/html/antarctica/images/features/11.png]
[www.pearlthemes.com/html/antarctica/images/features/12.png]
[www.pearlthemes.com/html/antarctica/images/features/13.png]
[www.pearlthemes.com/html/antarctica/images/home/b4.jpg]
[www.pearlthemes.com/html/antarctica/images/home/b5.jpg]
[www.pearlthemes.com/html/antarctica/images/home/b6.jpg]
[www.pearlthemes.com/html/antarctica/js/jquery.form.min.js]
[www.pearlthemes.com/html/antarctica/js/jquery.validate.min.js]
[www.pearlthemes.com/html/antarctica/home-2.html]
[www.pearlthemes.com/html/antarctica/images/slider/slider-v3-img-1.jpg]
[www.pearlthemes.com/html/antarctica/images/slider/slider-v3-img-2.jpg]
[www.pearlthemes.com/html/antarctica/images/slider/slider-v3-img-3.jpg]
[www.pearlthemes.com/html/antarctica/images/home/how-are-we-img-2.jpg]
[www.pearlthemes.com/html/antarctica/images/features/20.png]
[www.pearlthemes.com/html/antarctica/images/portfolio/p5.jpg]
[www.pearlthemes.com/html/antarctica/images/portfolio/p6.jpg]
[www.pearlthemes.com/html/antarctica/images/portfolio/p7.jpg]
[www.pearlthemes.com/html/antarctica/images/portfolio/p8.jpg]
[www.pearlthemes.com/html/antarctica/images/portfolio/p9.jpg]
[www.pearlthemes.com/html/antarctica/images/portfolio/p10.jpg]
[www.pearlthemes.com/html/antarctica/images/features/14.png]
[www.pearlthemes.com/html/antarctica/images/features/15.png]
[www.pearlthemes.com/html/antarctica/images/features/16.png]
[www.pearlthemes.com/html/antarctica/images/features/s2.png]
[www.pearlthemes.com/html/antarctica/images/features/17.png]
[www.pearlthemes.com/html/antarctica/images/features/18.png]
[www.pearlthemes.com/html/antarctica/images/features/19.png]
[www.pearlthemes.com/html/antarctica/images/team/small-1.jpg]
[www.pearlthemes.com/html/antarctica/images/team/small-2.jpg]
[www.pearlthemes.com/html/antarctica/images/team/small-3.jpg]
[www.pearlthemes.com/html/antarctica/images/team/small-4.jpg]
[www.pearlthemes.com/html/antarctica/images/home/why-chose-us-img.jpg]
[www.pearlthemes.com/html/antarctica/images/home/b7.jpg]
[www.pearlthemes.com/html/antarctica/images/home/b8.jpg]
[www.pearlthemes.com/html/antarctica/images/home/b9.jpg]
[www.pearlthemes.com/html/antarctica/js/isotope.pkgd.min.js]
[www.pearlthemes.com/html/antarctica/home-3.html]
[www.pearlthemes.com/html/antarctica/images/logo-3.png]
[www.pearlthemes.com/html/antarctica/images/slider/slider-img-4.jpg]
[www.pearlthemes.com/html/antarctica/images/home/about-me-2.jpg]
[www.pearlthemes.com/html/antarctica/images/portfolio/p11.jpg]
[www.pearlthemes.com/html/antarctica/images/portfolio/p12.jpg]
[www.pearlthemes.com/html/antarctica/images/portfolio/p13.jpg]
[www.pearlthemes.com/html/antarctica/images/portfolio/p14.jpg]
[www.pearlthemes.com/html/antarctica/images/portfolio/p15.jpg]
[www.pearlthemes.com/html/antarctica/images/portfolio/p16.jpg]
[www.pearlthemes.com/html/antarctica/images/portfolio/p17.jpg]
[www.pearlthemes.com/html/antarctica/images/portfolio/p18.jpg]
[www.pearlthemes.com/html/antarctica/images/features/f3.png]
[www.pearlthemes.com/html/antarctica/images/partners/9.jpg]
[www.pearlthemes.com/html/antarctica/images/partners/10.jpg]
[www.pearlthemes.com/html/antarctica/images/partners/11.jpg]
[www.pearlthemes.com/html/antarctica/images/partners/14.jpg]
[www.pearlthemes.com/html/antarctica/images/partners/15.jpg]
[www.pearlthemes.com/html/antarctica/images/partners/16.jpg]
[www.pearlthemes.com/html/antarctica/home-5.html]
[www.pearlthemes.com/html/antarctica/images/about-us-sub-header-bg.jpg]
[www.pearlthemes.com/html/antarctica/about-us.html]
[www.pearlthemes.com/html/antarctica/images/portfolio-sub-header-bg.jpg]
[www.pearlthemes.com/html/antarctica/images/portfolio/slider-1.jpg]
[www.pearlthemes.com/html/antarctica/images/portfolio/single-1.jpg]
[www.pearlthemes.com/html/antarctica/portfolio-single.html]
[www.pearlthemes.com/html/antarctica/images/blog/1.jpg]
[www.pearlthemes.com/html/antarctica/images/blog/post-author.jpg]
[www.pearlthemes.com/html/antarctica/images/blog/ap-1.jpg]
[www.pearlthemes.com/html/antarctica/images/blog/ap-2.jpg]
[www.pearlthemes.com/html/antarctica/images/blog/ap-3.jpg]
[www.pearlthemes.com/html/antarctica/images/blog/comment-author.jpg]
[www.pearlthemes.com/html/antarctica/images/widget/1.jpg]
[www.pearlthemes.com/html/antarctica/images/widget/2.jpg]
[www.pearlthemes.com/html/antarctica/images/widget/3.jpg]
[www.pearlthemes.com/html/antarctica/images/widget/4.jpg]
[www.pearlthemes.com/html/antarctica/images/widget/5.jpg]
[www.pearlthemes.com/html/antarctica/images/instagram/1.jpg]
[www.pearlthemes.com/html/antarctica/images/instagram/2.jpg]
[www.pearlthemes.com/html/antarctica/images/instagram/3.jpg]
[www.pearlthemes.com/html/antarctica/images/instagram/4.jpg]
[www.pearlthemes.com/html/antarctica/images/instagram/5.jpg]
[www.pearlthemes.com/html/antarctica/images/instagram/6.jpg]
[www.pearlthemes.com/html/antarctica/images/widget/6.jpg]
[www.pearlthemes.com/html/antarctica/single.html]
[www.pearlthemes.com/html/antarctica/images/columns-sub-header-bg.jpg]
[www.pearlthemes.com/html/antarctica/shortcodes.html]
[www.pearlthemes.com/html/antarctica/quotes.html]
[www.pearlthemes.com/html/antarctica/columns.html]
[www.pearlthemes.com/html/antarctica/tabs.html]
[www.pearlthemes.com/html/antarctica/clients.html]
[www.pearlthemes.com/html/antarctica/accordions.html]
[www.pearlthemes.com/html/antarctica/pricing-tables.html]
[www.pearlthemes.com/html/antarctica/images/shortcode.jpg]
[www.pearlthemes.com/html/antarctica/images/services-sub-header-bg.jpg]
[www.pearlthemes.com/html/antarctica/images/features/3.jpg]
[www.pearlthemes.com/html/antarctica/images/blog/5.jpg]
[www.pearlthemes.com/html/antarctica/images/blog/6.jpg]
[www.pearlthemes.com/html/antarctica/images/blog/7.jpg]
[www.pearlthemes.com/html/antarctica/services.html]
[www.pearlthemes.com/html/antarctica/images/portfolio/1.jpg]
[www.pearlthemes.com/html/antarctica/images/portfolio/2.jpg]
[www.pearlthemes.com/html/antarctica/images/portfolio/3.jpg]
[www.pearlthemes.com/html/antarctica/images/portfolio/7.jpg]
[www.pearlthemes.com/html/antarctica/images/portfolio/8.jpg]
[www.pearlthemes.com/html/antarctica/portfolio.html]
[www.pearlthemes.com/html/antarctica/images/blog/a-1.jpg]
[www.pearlthemes.com/html/antarctica/images/blog/2.jpg]
[www.pearlthemes.com/html/antarctica/images/blog/3.jpg]
[www.pearlthemes.com/html/antarctica/images/blog/4.jpg]
[www.pearlthemes.com/html/antarctica/blog.html]
[www.pearlthemes.com/html/antarctica/images/ajax-loader.gif]
[www.pearlthemes.com/html/antarctica/contact.html]
[www.pearlthemes.com/html/antarctica/fonts/fontawesome-webfont3e6e.html]
[www.pearlthemes.com/html/antarctica/fonts/fontawesome-webfont3e6e.svg]
[www.pearlthemes.com/html/antarctica/js/flexslider/fonts/flexslider-icon.svg]
[www.pearlthemes.com/html/antarctica/js/lightcase/fonts/lightcaseeead.svg]
[www.pearlthemes.com/html/antarctica/images/slider/slider-v1-img-1.jpg]
[www.pearlthemes.com/html/antarctica/images/home/how-are-we-img-1.jpg]
[www.pearlthemes.com/html/antarctica/clients.html]
[www.pearlthemes.com/html/antarctica/js/jquery-countTo/jquery.countTo.js]
[www.pearlthemes.com/html/antarctica/images/portfolio/4.jpg]
[www.pearlthemes.com/html/antarctica/images/partners/13.jpg]
[www.pearlthemes.com/html/antarctica/images/partners/12.jpg]
[www.pearlthemes.com/html/antarctica/images/portfolio/6.jpg]
[www.pearlthemes.com/html/antarctica/images/portfolio/5.jpg]
